// Jest Snapshot v1, https://goo.gl/fbAQLP

exports[`should render with children 1`] = `
<header
  className="host"
>
  Label
</header>
`;
