// Jest Snapshot v1, https://goo.gl/fbAQLP

exports[`should render with props and children 1`] = `
<div
  className="host"
>
  <h1>
    404
  </h1>
  <a
    href="/"
    onClick={[Function]}
  >
    Go to main
  </a>
</div>
`;
